*** Using Compiler 'V6.19', folder: 'D:\software\Keil_V5\ARM\ARMCLANG\Bin'
Build target 'robot_f405'
compiling freertos.c...
compiling can.c...
compiling stm32f4xx_hal_msp.c...
compiling motor_tsk.cpp...
compiling push_board_tsk.cpp...
compiling stm32f4xx_it.c...
compiling at24cxx.c...
compiling cmd_tsk.cpp...
compiling public_func.cpp...
compiling ethernet_data_tsk.cpp...
compiling motor.cpp...
compiling w5500_dev.c...
compiling main.cpp...
compiling feedForwardPid.cpp...
../App/Src/default_start_tsk.cpp(192): warning: format specifies type 'unsigned int *' but the argument has type 'uint16_t *' (aka 'unsigned short *') [-Wformat]
                sscanf(cmd_s[1], "%u", (uint16_t *)&(freq));
                                  ~~   ^~~~~~~~~~~~~~~~~~~
                                  %hu
1 warning generated.
compiling default_start_tsk.cpp...
../App/Src/main_assist_board_tsk.cpp(34): error: calling a private constructor of class 'ANGLE_SENSOR'
            adcSensor = new ANGLE_SENSOR(&hadc1, 0.0001f, 0.f); // 读取舵轮的角度传感器
                            ^
../App/Inc\adcSensor.h(50): note: implicitly declared private here
    ANGLE_SENSOR(ADC_HandleTypeDef *hadc, float adcCoeff, float adcOffset);
    ^
1 error generated.
compiling main_assist_board_tsk.cpp...
"robot_f405\robot_f405.axf" - 1 Error(s), 1 Warning(s).
Target not created.
Build Time Elapsed:  00:00:03
